// Jest Snapshot v1, https://goo.gl/fbAQLP

exports[`MovieCard component Render MovieCard 1`] = `
<article
  className="small-movie-card catalog__movies-card"
  onMouseEnter={[Function]}
  onMouseLeave={[Function]}
>
  <div
    className="small-movie-card__image"
    onClick={[Function]}
  >
    <img
      alt="Кремниевая долина"
      height="175"
      src="http://placeimg.com/280/175/any"
      width="280"
    />
  </div>
  <h3
    className="small-movie-card__title"
  >
    <a
      className="small-movie-card__link"
      href="movie-page.html"
      onClick={[Function]}
    >
      Кремниевая долина
    </a>
  </h3>
</article>
`;
