// Jest Snapshot v1, https://goo.gl/fbAQLP

exports[`MovieCard component Render MovieCard 1`] = `
<article
  className="small-movie-card catalog__movies-card"
  onMouseEnter={[Function]}
  onMouseLeave={[Function]}
>
  <div
    className="small-movie-card__image"
    onClick={[Function]}
  >
    <img
      alt="Snatch"
      height="175"
      src="https://some-link"
      style={
        Object {
          "backgroundColor": "#FDFDFC",
          "display": "block",
        }
      }
      width="280"
    />
  </div>
  <h3
    className="small-movie-card__title"
  >
    <a
      className="small-movie-card__link"
      href="movie-page.html"
      onClick={[Function]}
    >
      Snatch
    </a>
  </h3>
</article>
`;
