// Jest Snapshot v1, https://goo.gl/fbAQLP

exports[`ReviewItem component Render ReviewItem 1`] = `
<div
  className="review"
>
  <blockquote
    className="review__quote"
  >
    <p
      className="review__text"
    >
      Other comment
    </p>
    <footer
      className="review__details"
    >
      <cite
        className="review__author"
      >
        Other user
      </cite>
      <time
        className="review__date"
        dateTime="2016-12-20"
      >
        June 20, 2020
      </time>
    </footer>
  </blockquote>
  <div
    className="review__rating"
  >
    7.2
  </div>
</div>
`;
